// Jest Snapshot v1, https://goo.gl/fbAQLP

exports[`Snapshot (ButtonTabs) Should match snapshot 1`] = `
<div
  className="chakra-tabs css-smr3nb"
  data-testid="hds.button-tabs.tabs"
>
  <div
    aria-orientation="horizontal"
    className="chakra-tabs__tablist css-8owaep"
    data-testid="hds.button-tabs.list"
    onKeyDown={[Function]}
    role="tablist"
  >
    <button
      aria-controls="tabs-:r0:--tabpanel--1"
      aria-selected={false}
      className="chakra-tabs__tab css-17028si"
      data-testid="hds.button-tabs.tab"
      id="tabs-:r0:--tab--1"
      onClick={[Function]}
      onFocus={[Function]}
      role="tab"
      tabIndex={-1}
      type="button"
    >
      One
    </button>
    <button
      aria-controls="tabs-:r0:--tabpanel--1"
      aria-selected={false}
      className="chakra-tabs__tab css-17028si"
      data-testid="hds.button-tabs.tab"
      id="tabs-:r0:--tab--1"
      onClick={[Function]}
      onFocus={[Function]}
      role="tab"
      tabIndex={-1}
      type="button"
    >
      Two
    </button>
    <button
      aria-controls="tabs-:r0:--tabpanel--1"
      aria-selected={false}
      className="chakra-tabs__tab css-17028si"
      data-testid="hds.button-tabs.tab"
      id="tabs-:r0:--tab--1"
      onClick={[Function]}
      onFocus={[Function]}
      role="tab"
      tabIndex={-1}
      type="button"
    >
      Three
    </button>
  </div>
  <div
    className="chakra-tabs__tab-panels css-7m8sgd"
    data-testid="hds.button-tabs.panels"
  >
    <div
      aria-labelledby="tabs-:r0:--tab-0"
      className="chakra-tabs__tab-panel css-47dblg"
      data-testid="hds.button-tabs.panels.panel"
      hidden={false}
      id="tabs-:r0:--tabpanel-0"
      role="tabpanel"
      tabIndex={0}
    >
      <div>
        One
      </div>
    </div>
    <div
      aria-labelledby="tabs-:r0:--tab-1"
      className="chakra-tabs__tab-panel css-47dblg"
      data-testid="hds.button-tabs.panels.panel"
      hidden={true}
      id="tabs-:r0:--tabpanel-1"
      role="tabpanel"
      tabIndex={0}
    />
    <div
      aria-labelledby="tabs-:r0:--tab-2"
      className="chakra-tabs__tab-panel css-47dblg"
      data-testid="hds.button-tabs.panels.panel"
      hidden={true}
      id="tabs-:r0:--tabpanel-2"
      role="tabpanel"
      tabIndex={0}
    />
  </div>
</div>
`;
