// Jest Snapshot v1, https://goo.gl/fbAQLP

exports[` 1`] = `
<div
  className="css-1bshtmn"
>
  <div
    className="chakra-tabs css-fakzyp"
    data-testid="hds.tabs"
  >
    <div
      aria-orientation="horizontal"
      className="chakra-tabs__tablist css-16mo8a4"
      data-testid="hds.tab.list"
      onKeyDown={[Function]}
      role="tablist"
    >
      <button
        aria-controls="tabs-:r0:--tabpanel--1"
        aria-selected={false}
        className="chakra-tabs__tab css-1c44rwm"
        data-testid="hds.tab"
        id="tabs-:r0:--tab--1"
        onClick={[Function]}
        onFocus={[Function]}
        role="tab"
        tabIndex={-1}
        type="button"
      >
        <p
          className="chakra-text css-0"
        >
          My details
        </p>
      </button>
      <button
        aria-controls="tabs-:r0:--tabpanel--1"
        aria-selected={false}
        className="chakra-tabs__tab css-1c44rwm"
        data-testid="hds.tab"
        id="tabs-:r0:--tab--1"
        onClick={[Function]}
        onFocus={[Function]}
        role="tab"
        tabIndex={-1}
        type="button"
      >
        <p
          className="chakra-text css-0"
        >
          Profile
        </p>
      </button>
      <button
        aria-controls="tabs-:r0:--tabpanel--1"
        aria-selected={false}
        className="chakra-tabs__tab css-1c44rwm"
        data-testid="hds.tab"
        id="tabs-:r0:--tab--1"
        onClick={[Function]}
        onFocus={[Function]}
        role="tab"
        tabIndex={-1}
        type="button"
      >
        <p
          className="chakra-text css-0"
        >
          Password
        </p>
      </button>
      <button
        aria-controls="tabs-:r0:--tabpanel--1"
        aria-selected={false}
        className="chakra-tabs__tab css-1c44rwm"
        data-testid="hds.tab"
        id="tabs-:r0:--tab--1"
        onClick={[Function]}
        onFocus={[Function]}
        role="tab"
        tabIndex={-1}
        type="button"
      >
        <p
          className="chakra-text css-0"
        >
          Team
        </p>
      </button>
    </div>
    <div
      className="chakra-tabs__tab-panels css-j359i1"
      data-testid="hds.tab.panels"
    >
      <div
        className="chakra-tabs__tab-panels css-8atqhb"
      >
        <div
          aria-labelledby="tabs-:r0:--tab-0"
          className="chakra-tabs__tab-panel css-sjt5nk"
          hidden={false}
          id="tabs-:r0:--tabpanel-0"
          role="tabpanel"
          tabIndex={0}
        >
          One
        </div>
        <div
          aria-labelledby="tabs-:r0:--tab-1"
          className="chakra-tabs__tab-panel css-sjt5nk"
          hidden={true}
          id="tabs-:r0:--tabpanel-1"
          role="tabpanel"
          tabIndex={0}
        >
          Two
        </div>
        <div
          aria-labelledby="tabs-:r0:--tab-2"
          className="chakra-tabs__tab-panel css-sjt5nk"
          hidden={true}
          id="tabs-:r0:--tabpanel-2"
          role="tabpanel"
          tabIndex={0}
        >
          Three
        </div>
        <div
          aria-labelledby="tabs-:r0:--tab-3"
          className="chakra-tabs__tab-panel css-sjt5nk"
          hidden={true}
          id="tabs-:r0:--tabpanel-3"
          role="tabpanel"
          tabIndex={0}
        >
          Four
        </div>
      </div>
    </div>
  </div>
</div>
`;
