// Jest Snapshot v1, https://goo.gl/fbAQLP

exports[`Snapshot (Tabs) Should match snapshot 1`] = `
<div
  className="chakra-tabs css-la4in9"
  data-testid="hds.tabs"
>
  <div
    aria-orientation="horizontal"
    className="chakra-tabs__tablist css-laq73v"
    data-testid="hds.tabs.tablist"
    onKeyDown={[Function]}
    role="tablist"
  >
    <button
      aria-controls="tabs-:r0:--tabpanel--1"
      aria-selected={false}
      className="chakra-tabs__tab css-9btmlu"
      data-testid="hds.tabs.tab"
      id="tabs-:r0:--tab--1"
      onClick={[Function]}
      onFocus={[Function]}
      role="tab"
      tabIndex={-1}
      type="button"
    >
      <div
        className="css-1xedgln"
      >
        One
      </div>
    </button>
    <button
      aria-controls="tabs-:r0:--tabpanel--1"
      aria-selected={false}
      className="chakra-tabs__tab css-9btmlu"
      data-testid="hds.tabs.tab"
      id="tabs-:r0:--tab--1"
      onClick={[Function]}
      onFocus={[Function]}
      role="tab"
      tabIndex={-1}
      type="button"
    >
      <div
        className="css-1xedgln"
      >
        Two
      </div>
    </button>
    <button
      aria-controls="tabs-:r0:--tabpanel--1"
      aria-selected={false}
      className="chakra-tabs__tab css-9btmlu"
      data-testid="hds.tabs.tab"
      id="tabs-:r0:--tab--1"
      onClick={[Function]}
      onFocus={[Function]}
      role="tab"
      tabIndex={-1}
      type="button"
    >
      <div
        className="css-1xedgln"
      >
        Three
      </div>
    </button>
  </div>
  <div
    className="chakra-tabs__tab-indicator css-131u3bt"
    style={
      {
        "left": 0,
        "position": "absolute",
        "transitionDuration": "0ms",
        "transitionProperty": "left, right, top, bottom, height, width",
        "transitionTimingFunction": "cubic-bezier(0, 0, 0.2, 1)",
        "width": 0,
      }
    }
  />
  <div
    className="chakra-tabs__tab-panels css-pwpux2"
    data-testid="hds.tabs.panels"
  >
    <div
      aria-labelledby="tabs-:r0:--tab-0"
      className="chakra-tabs__tab-panel css-47dblg"
      data-testid="hds.tabs.panels.panel"
      hidden={false}
      id="tabs-:r0:--tabpanel-0"
      role="tabpanel"
      tabIndex={0}
    >
      <div>
        One
      </div>
    </div>
    <div
      aria-labelledby="tabs-:r0:--tab-1"
      className="chakra-tabs__tab-panel css-47dblg"
      data-testid="hds.tabs.panels.panel"
      hidden={true}
      id="tabs-:r0:--tabpanel-1"
      role="tabpanel"
      tabIndex={0}
    />
    <div
      aria-labelledby="tabs-:r0:--tab-2"
      className="chakra-tabs__tab-panel css-47dblg"
      data-testid="hds.tabs.panels.panel"
      hidden={true}
      id="tabs-:r0:--tabpanel-2"
      role="tabpanel"
      tabIndex={0}
    />
  </div>
</div>
`;
