// Jest Snapshot v1, https://goo.gl/fbAQLP

exports[`Pagination Should match snapshot 1`] = `
<div
  className="css-8omsyd"
>
  <div
    className="css-su60pv"
  >
    <div
      className="css-8dt55n"
    >
      <button
        aria-label="Go to previous page"
        className="chakra-button css-wklby5"
        data-disabled=""
        data-part="prev-page-trigger"
        data-scope="pagination"
        data-testid="hds.minimal-pagination.previous.button"
        id="pagination::r0::prev"
        onClick={[Function]}
        type="button"
      >
        <svg
          className="chakra-icon chakra-icon css-wuvk2m"
          focusable={false}
          viewBox="0 0 20 20"
          xmlns="http://www.w3.org/2000/svg"
        >
          <path
            d="M15.8334 9.99996H4.16675M4.16675 9.99996L10.0001 15.8333M4.16675 9.99996L10.0001 4.16663"
            stroke="currentColor"
            strokeLinecap="round"
            strokeLinejoin="round"
            strokeWidth="1.66667"
          />
        </svg>
        Previous
      </button>
      <div
        className="chakra-stack css-15lgeks"
      >
        <button
          aria-current="page"
          aria-label="page 1"
          className="chakra-button css-1pwj5mw"
          data-part="page-trigger"
          data-scope="pagination"
          data-selected=""
          data-testid="hds.minimal-pagination.page.control"
          id="pagination::r0::item:1"
          onClick={[Function]}
          type="button"
        >
          1
        </button>
        <button
          aria-label="page 2"
          className="chakra-button css-zndnet"
          data-part="page-trigger"
          data-scope="pagination"
          data-testid="hds.minimal-pagination.page.control"
          id="pagination::r0::item:2"
          onClick={[Function]}
          type="button"
        >
          2
        </button>
        <button
          aria-label="page 3"
          className="chakra-button css-zndnet"
          data-part="page-trigger"
          data-scope="pagination"
          data-testid="hds.minimal-pagination.page.control"
          id="pagination::r0::item:3"
          onClick={[Function]}
          type="button"
        >
          3
        </button>
        <button
          aria-label="page 4"
          className="chakra-button css-zndnet"
          data-part="page-trigger"
          data-scope="pagination"
          data-testid="hds.minimal-pagination.page.control"
          id="pagination::r0::item:4"
          onClick={[Function]}
          type="button"
        >
          4
        </button>
        <button
          aria-label="page 5"
          className="chakra-button css-zndnet"
          data-part="page-trigger"
          data-scope="pagination"
          data-testid="hds.minimal-pagination.page.control"
          id="pagination::r0::item:5"
          onClick={[Function]}
          type="button"
        >
          5
        </button>
        <button
          className="chakra-button css-zndnet"
          data-part="ellipsis"
          data-scope="pagination"
          id="pagination::r0::ellipsis:5"
          type="button"
        >
          ...
        </button>
        <button
          aria-label="last page, page 20"
          className="chakra-button css-zndnet"
          data-part="page-trigger"
          data-scope="pagination"
          data-testid="hds.minimal-pagination.page.control"
          id="pagination::r0::item:20"
          onClick={[Function]}
          type="button"
        >
          20
        </button>
      </div>
      <button
        aria-label="Go to next page"
        className="chakra-button css-wklby5"
        data-part="next-page-trigger"
        data-scope="pagination"
        data-testid="hds.minimal-pagination.next.button"
        id="pagination::r0::next"
        onClick={[Function]}
        type="button"
      >
        Next
        <svg
          className="chakra-icon chakra-icon css-wuvk2m"
          focusable={false}
          viewBox="0 0 20 20"
          xmlns="http://www.w3.org/2000/svg"
        >
          <path
            d="M4.16675 9.99996H15.8334M15.8334 9.99996L10.0001 4.16663M15.8334 9.99996L10.0001 15.8333"
            stroke="currentColor"
            strokeLinecap="round"
            strokeLinejoin="round"
            strokeWidth="1.66667"
          />
        </svg>
      </button>
    </div>
  </div>
</div>
`;
