// Jest Snapshot v1, https://goo.gl/fbAQLP

exports[` 1`] = `
Array [
  <button
    aria-controls="menu-list-:r1:"
    aria-expanded={false}
    aria-haspopup="menu"
    className="chakra-button chakra-menu__menu-button css-wzb3yu"
    data-testid="menu-profile"
    id="menu-button-:r1:"
    onClick={[Function]}
    onKeyDown={[Function]}
    type="button"
  >
    <span
      className="css-xl71ch"
    >
      <span
        className="chakra-avatar css-sb6ugy"
      >
        <svg
          aria-label=" avatar"
          className="chakra-avatar__svg css-16ite8i"
          role="img"
          viewBox="0 0 128 128"
        >
          <path
            d="M103,102.1388 C93.094,111.92 79.3504,118 64.1638,118 C48.8056,118 34.9294,111.768 25,101.7892 L25,95.2 C25,86.8096 31.981,80 40.6,80 L87.4,80 C96.019,80 103,86.8096 103,95.2 L103,102.1388 Z"
            fill="currentColor"
          />
          <path
            d="M63.9961647,24 C51.2938136,24 41,34.2938136 41,46.9961647 C41,59.7061864 51.2938136,70 63.9961647,70 C76.6985159,70 87,59.7061864 87,46.9961647 C87,34.2938136 76.6985159,24 63.9961647,24"
            fill="currentColor"
          />
        </svg>
      </span>
    </span>
  </button>,
  <div
    className="css-r6z5ec"
    style={
      Object {
        "inset": "0 auto auto 0",
        "minWidth": "max-content",
        "position": "absolute",
        "visibility": "hidden",
      }
    }
  >
    <div
      aria-orientation="vertical"
      className="chakra-menu__menu-list css-lfkiw7"
      data-testid="menu-list"
      id="menu-list-:r1:"
      onKeyDown={[Function]}
      role="menu"
      style={
        Object {
          "opacity": 0,
          "transform": "scale(0.8) translateZ(0)",
          "transformOrigin": "var(--popper-transform-origin)",
          "visibility": "hidden",
        }
      }
      tabIndex={-1}
    >
      <div
        className="chakra-stack css-6aub0l"
      >
        <span
          className="chakra-avatar css-37of3x"
        >
          <svg
            aria-label=" avatar"
            className="chakra-avatar__svg css-16ite8i"
            role="img"
            viewBox="0 0 128 128"
          >
            <path
              d="M103,102.1388 C93.094,111.92 79.3504,118 64.1638,118 C48.8056,118 34.9294,111.768 25,101.7892 L25,95.2 C25,86.8096 31.981,80 40.6,80 L87.4,80 C96.019,80 103,86.8096 103,95.2 L103,102.1388 Z"
              fill="currentColor"
            />
            <path
              d="M63.9961647,24 C51.2938136,24 41,34.2938136 41,46.9961647 C41,59.7061864 51.2938136,70 63.9961647,70 C76.6985159,70 87,59.7061864 87,46.9961647 C87,34.2938136 76.6985159,24 63.9961647,24"
              fill="currentColor"
            />
          </svg>
          <div
            className="chakra-avatar__badge css-13moskz"
          />
        </span>
        <div
          className="css-0"
        >
          <p
            className="chakra-text css-zju45d"
          >
            Olivia Rhye
          </p>
          <p
            className="chakra-text css-1kcm7zi"
          >
            olivia@untitledui.com
          </p>
        </div>
      </div>
      <hr
        aria-orientation="horizontal"
        className="chakra-divider css-svjswr"
      />
      <button
        className="chakra-menu__menuitem css-1hsqdlt"
        id="menu-list-:r5:-menuitem-:r6:"
        onClick={[Function]}
        onFocus={[Function]}
        onMouseEnter={[Function]}
        onMouseLeave={[Function]}
        onMouseMove={[Function]}
        role="menuitem"
        tabIndex={0}
        type="button"
      >
        <span
          className="chakra-menu__icon-wrapper css-15v20fh"
        >
          <svg
            aria-hidden={true}
            className="chakra-icon chakra-menu__icon css-onkibi"
            focusable="false"
            viewBox="0 0 24 24"
          >
            <g
              fill="currentColor"
            >
              <path
                d="M10.319,4.936a7.239,7.239,0,0,1,7.1,2.252,1.25,1.25,0,1,0,1.872-1.657A9.737,9.737,0,0,0,9.743,2.5,10.269,10.269,0,0,0,2.378,9.61a.249.249,0,0,1-.271.178l-1.033-.13A.491.491,0,0,0,.6,9.877a.5.5,0,0,0-.019.526l2.476,4.342a.5.5,0,0,0,.373.248.43.43,0,0,0,.062,0,.5.5,0,0,0,.359-.152l3.477-3.593a.5.5,0,0,0-.3-.844L5.15,10.172a.25.25,0,0,1-.2-.333A7.7,7.7,0,0,1,10.319,4.936Z"
              />
              <path
                d="M23.406,14.1a.5.5,0,0,0,.015-.526l-2.5-4.329A.5.5,0,0,0,20.546,9a.489.489,0,0,0-.421.151l-3.456,3.614a.5.5,0,0,0,.3.842l1.848.221a.249.249,0,0,1,.183.117.253.253,0,0,1,.023.216,7.688,7.688,0,0,1-5.369,4.9,7.243,7.243,0,0,1-7.1-2.253,1.25,1.25,0,1,0-1.872,1.656,9.74,9.74,0,0,0,9.549,3.03,10.261,10.261,0,0,0,7.369-7.12.251.251,0,0,1,.27-.179l1.058.127a.422.422,0,0,0,.06,0A.5.5,0,0,0,23.406,14.1Z"
              />
            </g>
          </svg>
        </span>
        <span
          style={
            Object {
              "flex": 1,
              "pointerEvents": "none",
            }
          }
        >
          Open Closed Tab
        </span>
        <span
          className="chakra-menu__command css-dt0657"
        >
          ⌘⇧N
        </span>
      </button>
    </div>
  </div>,
  <span />,
]
`;
