// Jest Snapshot v1, https://goo.gl/fbAQLP

exports[`Alert Snapshot Should match snapshot 1`] = `
<div
  className="chakra-fade"
  style={
    {
      "opacity": 0,
    }
  }
>
  <div
    className="chakra-alert css-f4qb0s"
    data-status="info"
    data-testid="hds.alert"
    role="alert"
  >
    <svg
      className="chakra-alert__icon css-1g1jahg"
      data-status="info"
      data-testid="hds.alert.icon"
      fill="none"
      height="20"
      viewBox="0 0 20 20"
      width="20"
      xmlns="http://www.w3.org/2000/svg"
    >
      <g
        clipPath="url(#clip0_1130_82786)"
      >
        <path
          d="M10.0001 13.3334V10M10.0001 6.66669H10.0084M18.3334 10C18.3334 14.6024 14.6025 18.3334 10.0001 18.3334C5.39771 18.3334 1.66675 14.6024 1.66675 10C1.66675 5.39765 5.39771 1.66669 10.0001 1.66669C14.6025 1.66669 18.3334 5.39765 18.3334 10Z"
          stroke="currentColor"
          strokeLinecap="round"
          strokeLinejoin="round"
          strokeWidth="1.66667"
        />
      </g>
      <defs>
        <clipPath
          id="clip0_1130_82786"
        >
          <rect
            fill="white"
            height="20"
            width="20"
          />
        </clipPath>
      </defs>
    </svg>
    <div
      className="css-i9gxme"
    >
      <div
        className="chakra-alert__title css-v7ucr"
        data-status="info"
        data-testid="hds.alert.title"
      >
        Weâ€™ve just released a new feature
      </div>
      <div
        className="chakra-alert__desc css-1t3j939"
        data-status="info"
        data-testid="hds.alert.description"
      >
        Lorem ipsum dolor sit amet consectetur adipisicing elit. Aliquid pariatur, ipsum similique veniam.
      </div>
      <div
        className="css-13aw5n7"
      >
        <button
          className="css-49mbms"
          data-testid="hds.alert.secondary-btn"
        >
          Learn More
        </button>
        <button
          className="css-1sdfhj1"
          data-testid="hds.alert.primary-btn"
        >
          View Changes
        </button>
      </div>
    </div>
    <div
      className="css-0"
    >
      <button
        className="css-14sm3cc"
        data-testid="hds.alert.close-btn"
      >
        <svg
          className="chakra-icon css-gkivye"
          fill="none"
          focusable={false}
          height="20"
          viewBox="0 0 20 20"
          width="20"
          xmlns="http://www.w3.org/2000/svg"
        >
          <path
            d="M15 5L5 15M5 5L15 15"
            stroke="currentColor"
            strokeLinecap="round"
            strokeLinejoin="round"
            strokeWidth="1.66667"
          />
        </svg>
      </button>
    </div>
  </div>
</div>
`;
