// Jest Snapshot v1, https://goo.gl/fbAQLP

exports[`Snapshot should match snapshot 1`] = `
Array [
  <div
    className="chakra-form-control css-1kxonj9"
    data-testid="hds.form-group.group"
    role="group"
  >
    <label
      className="chakra-form__label css-dh7ao0"
      data-testid="hds.form-group.label"
      htmlFor="field-:r0:"
      id="field-:r0:-label"
    >
      Users
    </label>
    <div
      className="css-1kqykvk"
    >
      <div
        className="css-10swtys"
      >
        <svg
          className="chakra-icon css-n059si"
          focusable={false}
          viewBox="0 0 24 24"
        >
          <g
            stroke="currentColor"
            strokeWidth="1.5"
          >
            <path
              d="M9,9a3,3,0,1,1,4,2.829,1.5,1.5,0,0,0-1,1.415V14.25"
              fill="none"
              strokeLinecap="round"
            />
            <path
              d="M12,17.25a.375.375,0,1,0,.375.375A.375.375,0,0,0,12,17.25h0"
              fill="currentColor"
              strokeLinecap="round"
            />
            <circle
              cx="12"
              cy="12"
              fill="none"
              r="11.25"
              strokeMiterlimit="10"
            />
          </g>
        </svg>
      </div>
      <div
        className=" css-1iu7u4f"
        onKeyDown={[Function]}
      >
        <span
          className="css-1f43avz-a11yText-A11yText"
          id="react-select-5-live-region"
        />
        <span
          aria-atomic="false"
          aria-live="polite"
          aria-relevant="additions text"
          className="css-1f43avz-a11yText-A11yText"
        />
        <div
          className=" css-citx3a"
          onMouseDown={[Function]}
          onTouchEnd={[Function]}
        >
          <div
            className=" css-sy0cn0"
          >
            <div
              className=" css-1puyje9"
              id="react-select-5-placeholder"
            >
              Select...
            </div>
            <div
              className=" css-svnjlw"
              data-value=""
            >
              <input
                aria-autocomplete="list"
                aria-describedby="react-select-5-placeholder"
                aria-expanded={false}
                aria-haspopup={true}
                aria-label="input-dropdown"
                autoCapitalize="none"
                autoComplete="off"
                autoCorrect="off"
                className=" css-146k1ar-input"
                disabled={false}
                id="input-dropdown"
                onBlur={[Function]}
                onChange={[Function]}
                onFocus={[Function]}
                role="combobox"
                spellCheck="false"
                tabIndex={0}
                type="text"
                value=""
              />
            </div>
          </div>
          <div
            className=" css-hfbj6y"
          >
            <svg
              className="chakra-icon chakra-icon css-fk2u4o"
              focusable={false}
              viewBox="0 0 24 24"
            >
              <path
                d="M16.59 8.59L12 13.17 7.41 8.59 6 10l6 6 6-6z"
                fill="currentColor"
              />
            </svg>
          </div>
        </div>
      </div>
    </div>
  </div>,
  <span />,
]
`;
