// Jest Snapshot v1, https://goo.gl/fbAQLP

exports[`Breadcrumbs Component Should match snapshot 1`] = `
[
  <nav
    aria-label="breadcrumb"
    className="chakra-breadcrumb css-1wezd10"
    data-testid="hds.breadcrumb"
  >
    <ol
      className="chakra-breadcrumb__list css-70qvj9"
    >
      <li
        className="chakra-breadcrumb__list-item css-18biwo"
      >
        <a
          className="chakra-breadcrumb__link css-bai5w2"
          href="/settings"
          onClick={[Function]}
        >
          Settings
        </a>
        <span
          className="css-1xgwh2j"
          role="presentation"
        >
          <svg
            className="chakra-icon css-1im13y"
            fill="none"
            focusable={false}
            height="17"
            viewBox="0 0 17 17"
            width="17"
            xmlns="http://www.w3.org/2000/svg"
          >
            <path
              d="M6.66675 12.3333L10.6667 8.33331L6.66675 4.33331"
              stroke="currentColor"
              strokeLinecap="round"
              strokeLinejoin="round"
              strokeWidth="1.33333"
            />
          </svg>
        </span>
      </li>
      <li
        className="chakra-breadcrumb__list-item css-18biwo"
      >
        <a
          className="chakra-breadcrumb__link css-bai5w2"
          data-disabled={true}
          href="#"
          onClick={[Function]}
        >
          ...
        </a>
        <span
          className="css-1xgwh2j"
          role="presentation"
        >
          <svg
            className="chakra-icon css-1im13y"
            fill="none"
            focusable={false}
            height="17"
            viewBox="0 0 17 17"
            width="17"
            xmlns="http://www.w3.org/2000/svg"
          >
            <path
              d="M6.66675 12.3333L10.6667 8.33331L6.66675 4.33331"
              stroke="currentColor"
              strokeLinecap="round"
              strokeLinejoin="round"
              strokeWidth="1.33333"
            />
          </svg>
        </span>
      </li>
      <li
        className="chakra-breadcrumb__list-item css-18biwo"
      >
        <a
          className="chakra-breadcrumb__link css-bai5w2"
          data-active={true}
          href="/settings/teams"
          onClick={[Function]}
        >
          Teams
        </a>
      </li>
    </ol>
  </nav>,
  <span />,
  <span
    hidden={true}
    id="__chakra_env"
  />,
]
`;
