// Jest Snapshot v1, https://goo.gl/fbAQLP

exports[`Checkbox Component Should match snapshot 1`] = `
Array [
  <div
    className="chakra-stack css-1xcp7r9"
    data-testid="breadcrumb"
  >
    <div
      className="css-1ktsxmj"
    >
      <div
        className="css-1czdu59"
      >
        <svg
          className="chakra-icon css-onkibi"
          focusable={false}
          viewBox="0 0 24 24"
        >
          <path
            d="M21.843,3.455a6.961,6.961,0,0,0-9.846,0L1.619,13.832a5.128,5.128,0,0,0,7.252,7.252L17.3,12.653A3.293,3.293,0,1,0,12.646,8L7.457,13.184A1,1,0,1,0,8.871,14.6L14.06,9.409a1.294,1.294,0,0,1,1.829,1.83L7.457,19.67a3.128,3.128,0,0,1-4.424-4.424L13.411,4.869a4.962,4.962,0,1,1,7.018,7.018L12.646,19.67a1,1,0,1,0,1.414,1.414L21.843,13.3a6.96,6.96,0,0,0,0-9.846Z"
            fill="currentColor"
          />
        </svg>
      </div>
      <div
        className="css-0"
      >
         
        <svg
          className="chakra-icon css-1d2sseo"
          focusable={false}
          viewBox="0 0 24 24"
        >
          <path
            d="M10 6L8.59 7.41 13.17 12l-4.58 4.59L10 18l6-6z"
            fill="currentColor"
          />
        </svg>
      </div>
    </div>
    <nav
      aria-label="breadcrumb"
      className="chakra-breadcrumb css-0"
    >
      <ol
        className="chakra-breadcrumb__list css-70qvj9"
      >
        <li
          className="chakra-breadcrumb__list-item css-aou3wz"
        >
          <a
            className="chakra-breadcrumb__link css-9phpk7"
            href="#hello"
            onClick={[Function]}
          >
            <p
              className="chakra-text css-ytumd6"
            >
              Home
            </p>
          </a>
          <span
            className="css-1xgwh2j"
            role="presentation"
          >
            <svg
              className="chakra-icon css-1d2sseo"
              focusable={false}
              viewBox="0 0 24 24"
            >
              <path
                d="M10 6L8.59 7.41 13.17 12l-4.58 4.59L10 18l6-6z"
                fill="currentColor"
              />
            </svg>
          </span>
        </li>
        <li
          className="chakra-breadcrumb__list-item css-aou3wz"
        >
          <a
            className="chakra-breadcrumb__link css-9phpk7"
            onClick={[Function]}
          >
            <p
              className="chakra-text css-ytumd6"
            >
              ...
            </p>
          </a>
          <span
            className="css-1xgwh2j"
            role="presentation"
          >
            <svg
              className="chakra-icon css-1d2sseo"
              focusable={false}
              viewBox="0 0 24 24"
            >
              <path
                d="M10 6L8.59 7.41 13.17 12l-4.58 4.59L10 18l6-6z"
                fill="currentColor"
              />
            </svg>
          </span>
        </li>
        <li
          className="chakra-breadcrumb__list-item css-aou3wz"
        >
          <a
            className="chakra-breadcrumb__link css-9phpk7"
            href="#Copy"
            onClick={[Function]}
          >
            <p
              className="chakra-text css-ytumd6"
            >
              Copy
            </p>
          </a>
        </li>
      </ol>
    </nav>
  </div>,
  <span />,
]
`;
