// Jest Snapshot v1, https://goo.gl/fbAQLP

exports[`AutoCompleteInput Component Snapshot Should match snapshot 1`] = `
Array [
  <div
    aria-label="Form Group"
    className="chakra-form-control css-1kxonj9"
    data-testid="hds.form.control"
    role="group"
  >
    <label
      className="chakra-form__label css-1xgte9r"
      data-testid="hds.form.control.label"
      htmlFor="field-:r0:"
      id="field-:r0:-label"
    >
      Users
    </label>
    <div
      className=" css-79elbk"
      onKeyDown={[Function]}
    >
      <span
        className="css-1f43avz-a11yText-A11yText"
        id="react-select-6-live-region"
      />
      <span
        aria-atomic="false"
        aria-live="polite"
        aria-relevant="additions text"
        className="css-1f43avz-a11yText-A11yText"
      />
      <div
        className=" css-fciksa"
        onMouseDown={[Function]}
        onTouchEnd={[Function]}
      >
        <div
          className=" css-1jen3yf"
        >
          <div
            className=" css-1puyje9"
            id="react-select-6-placeholder"
          >
            Select...
          </div>
          <div
            className=" css-svnjlw"
            data-value=""
          >
            <input
              aria-autocomplete="list"
              aria-describedby="react-select-6-placeholder"
              aria-expanded={false}
              aria-haspopup={true}
              aria-label="auto-complete-input"
              autoCapitalize="none"
              autoComplete="off"
              autoCorrect="off"
              className=" css-146k1ar-input"
              disabled={false}
              getClassNames={[Function]}
              id="auto-complete-input"
              onBlur={[Function]}
              onChange={[Function]}
              onFocus={[Function]}
              role="combobox"
              spellCheck="false"
              tabIndex={0}
              type="text"
              value=""
            />
          </div>
        </div>
        <div
          className=" css-hfbj6y"
        />
      </div>
    </div>
  </div>,
  <span />,
]
`;
