// Jest Snapshot v1, https://goo.gl/fbAQLP

exports[`Snapshot (CredentialLoginForm) Should match snapshot 1`] = `
<form
  className="css-1er7eb5"
  onSubmit={[Function]}
>
  <div
    className="css-1gwedk2"
  >
    <div
      className="chakra-stack css-1it59rx"
    >
      <p
        className="chakra-text css-0"
      >
        Login
      </p>
    </div>
  </div>
  <div
    className="chakra-stack css-sekf5y"
  >
    <div
      aria-label="Form Group"
      className="chakra-form-control css-0"
      data-testid=":r1:-form-container-form-control"
      role="group"
    >
      <div
        className="chakra-input__group css-4302v8"
        data-testid=":r0:-input-field-group"
      >
        <input
          className="chakra-input css-0"
          data-testid=":r0:-input-field-input"
          disabled={false}
          id="name"
          name="name"
          onBlur={[Function]}
          onChange={[Function]}
          onFocus={[Function]}
          onKeyDown={[Function]}
          placeholder="Input your username"
          readOnly={false}
          required={false}
          role="input"
          type="text"
        />
      </div>
    </div>
    <div
      aria-label="Form Group"
      className="chakra-form-control css-0"
      data-testid=":r4:-form-container-form-control"
      role="group"
    >
      <div
        className="chakra-input__group css-4302v8"
        data-testid=":r3:-input-field-group"
      >
        <input
          className="chakra-input css-0"
          data-testid=":r3:-input-field-input"
          disabled={false}
          id="password"
          name="password"
          onBlur={[Function]}
          onChange={[Function]}
          onFocus={[Function]}
          onKeyDown={[Function]}
          placeholder="Input your password"
          readOnly={false}
          required={false}
          role="input"
          type="password"
        />
        <div
          className="chakra-input__right-element css-dp9r5f"
          data-testid=":r3:-input-field-right-element"
          size="md"
        >
          <button
            aria-label="hide-password"
            className="chakra-button css-hx0lo2"
            data-testid="show-hide-btn"
            onClick={[Function]}
            type="button"
          >
            <svg
              className="chakra-icon css-17kjh4s"
              focusable={false}
              viewBox="0 0 24 24"
            >
              <g
                fill="currentColor"
              >
                <path
                  d="M23.2,10.549a20.954,20.954,0,0,0-4.3-3.6l4-3.995a1,1,0,1,0-1.414-1.414l-.018.018a.737.737,0,0,1-.173.291l-19.5,19.5c-.008.007-.018.009-.026.017a1,1,0,0,0,1.631,1.088l4.146-4.146a11.26,11.26,0,0,0,4.31.939h.3c4.256,0,8.489-2.984,11.051-5.8A2.171,2.171,0,0,0,23.2,10.549ZM16.313,13.27a4.581,4.581,0,0,1-3,3.028,4.3,4.3,0,0,1-3.1-.19.253.253,0,0,1-.068-.407l5.56-5.559a.252.252,0,0,1,.407.067A4.3,4.3,0,0,1,16.313,13.27Z"
                />
                <path
                  d="M7.615,13.4a.244.244,0,0,0,.061-.24A4.315,4.315,0,0,1,7.5,12,4.5,4.5,0,0,1,12,7.5a4.276,4.276,0,0,1,1.16.173.244.244,0,0,0,.24-.062l1.941-1.942a.254.254,0,0,0-.1-.421A10.413,10.413,0,0,0,12,4.75C7.7,4.692,3.4,7.7.813,10.549a2.15,2.15,0,0,0-.007,2.9,21.209,21.209,0,0,0,3.438,3.03.256.256,0,0,0,.326-.029Z"
                />
              </g>
            </svg>
          </button>
        </div>
      </div>
    </div>
  </div>
  <button
    className="chakra-button css-hfm3ds"
    disabled={false}
    type="submit"
  >
    Login
  </button>
  <div
    className="css-gmuwbf"
  >
    <p
      className="chakra-text css-0"
    >
      No account yet?
       
      <a
        aria-label="signup-link-label"
        className="chakra-text css-1xy2tp3"
        data-testid="switch-form-link"
        onClick={[Function]}
        role="link"
      >
        Sign up
      </a>
    </p>
  </div>
</form>
`;
