// Jest Snapshot v1, https://goo.gl/fbAQLP

exports[`Snapshot (OTPVerificationForm) Should match snapshot 1`] = `
<div
  className="css-0"
>
  <div
    className="css-0"
    data-testid="otp.component"
  >
    <form
      className="css-1ivgbss"
      data-testid="box.otpform.form"
      onSubmit={[Function]}
    >
      <div
        className="css-jmbq56"
      >
        <h1
          className="chakra-heading css-wlea3r"
        >
          Check your inbox
        </h1>
        <p
          className="chakra-text css-0"
        >
          We have sent a 6-digit code to your email 
        </p>
      </div>
      <div
        aria-label="Form Group"
        className="chakra-form-control css-0"
        data-testid="hds.form.control"
        role="group"
      >
        <div
          className="chakra-stack css-1tsaady"
        >
          <input
            aria-label="Please enter your pin code"
            autoComplete="one-time-code"
            className="chakra-pin-input css-25hifv"
            data-testid="hds.pininput.pin"
            disabled={false}
            id="otp--1"
            inputMode="numeric"
            onBlur={[Function]}
            onChange={[Function]}
            onFocus={[Function]}
            onKeyDown={[Function]}
            placeholder=""
            type="tel"
            value=""
          />
          <input
            aria-label="Please enter your pin code"
            autoComplete="one-time-code"
            className="chakra-pin-input css-25hifv"
            data-testid="hds.pininput.pin"
            disabled={false}
            id="otp--1"
            inputMode="numeric"
            onBlur={[Function]}
            onChange={[Function]}
            onFocus={[Function]}
            onKeyDown={[Function]}
            placeholder=""
            type="tel"
            value=""
          />
          <input
            aria-label="Please enter your pin code"
            autoComplete="one-time-code"
            className="chakra-pin-input css-25hifv"
            data-testid="hds.pininput.pin"
            disabled={false}
            id="otp--1"
            inputMode="numeric"
            onBlur={[Function]}
            onChange={[Function]}
            onFocus={[Function]}
            onKeyDown={[Function]}
            placeholder=""
            type="tel"
            value=""
          />
          <div
            className="css-iux5u6"
          >
            -
          </div>
          <input
            aria-label="Please enter your pin code"
            autoComplete="one-time-code"
            className="chakra-pin-input css-25hifv"
            data-testid="hds.pininput.pin"
            disabled={false}
            id="otp--1"
            inputMode="numeric"
            onBlur={[Function]}
            onChange={[Function]}
            onFocus={[Function]}
            onKeyDown={[Function]}
            placeholder=""
            type="tel"
            value=""
          />
          <input
            aria-label="Please enter your pin code"
            autoComplete="one-time-code"
            className="chakra-pin-input css-25hifv"
            data-testid="hds.pininput.pin"
            disabled={false}
            id="otp--1"
            inputMode="numeric"
            onBlur={[Function]}
            onChange={[Function]}
            onFocus={[Function]}
            onKeyDown={[Function]}
            placeholder=""
            type="tel"
            value=""
          />
          <input
            aria-label="Please enter your pin code"
            autoComplete="one-time-code"
            className="chakra-pin-input css-25hifv"
            data-testid="hds.pininput.pin"
            disabled={false}
            id="otp--1"
            inputMode="numeric"
            onBlur={[Function]}
            onChange={[Function]}
            onFocus={[Function]}
            onKeyDown={[Function]}
            placeholder=""
            type="tel"
            value=""
          />
        </div>
      </div>
      <button
        className="chakra-button css-yrcen6"
        data-testid="hds.otp.submit.button"
        disabled={false}
        type="submit"
      >
        Sign In
      </button>
    </form>
  </div>
</div>
`;
