// Jest Snapshot v1, https://goo.gl/fbAQLP

exports[`Checkbox Snapshot Should match snapshot 1`] = `
<label
  className="chakra-checkbox css-1elxtiq"
  onClick={[Function]}
>
  <input
    aria-label="Select Item"
    checked={false}
    className="chakra-checkbox__input"
    onBlur={[Function]}
    onChange={[Function]}
    onFocus={[Function]}
    onKeyDown={[Function]}
    onKeyUp={[Function]}
    style={
      Object {
        "border": "0",
        "clip": "rect(0, 0, 0, 0)",
        "height": "1px",
        "margin": "-1px",
        "overflow": "hidden",
        "padding": "0",
        "position": "absolute",
        "whiteSpace": "nowrap",
        "width": "1px",
      }
    }
    type="checkbox"
  />
  <span
    aria-hidden={true}
    className="chakra-checkbox__control css-dnty2r"
    onMouseDown={[Function]}
    onMouseEnter={[Function]}
    onMouseLeave={[Function]}
    onMouseUp={[Function]}
  />
</label>
`;
