// Jest Snapshot v1, https://goo.gl/fbAQLP

exports[`Checkbox Component Should match snapshot 1`] = `
[
  <svg
    className="chakra-icon css-onkibi"
    data-testid="hds.tooltip.trigger"
    focusable={false}
    onBlur={[Function]}
    onClick={[Function]}
    onFocus={[Function]}
    onPointerDown={[Function]}
    onPointerEnter={[Function]}
    viewBox="0 0 24 24"
  >
    <g
      stroke="currentColor"
      strokeWidth="1.5"
    >
      <path
        d="M9,9a3,3,0,1,1,4,2.829,1.5,1.5,0,0,0-1,1.415V14.25"
        fill="none"
        strokeLinecap="round"
      />
      <path
        d="M12,17.25a.375.375,0,1,0,.375.375A.375.375,0,0,0,12,17.25h0"
        fill="currentColor"
        strokeLinecap="round"
      />
      <circle
        cx="12"
        cy="12"
        fill="none"
        r="11.25"
        strokeMiterlimit="10"
      />
    </g>
  </svg>,
  <span />,
  <span
    hidden={true}
    id="__chakra_env"
  />,
]
`;
